INFO:     Started server process [26503]
INFO:     Waiting for application startup.
INFO:     Application startup complete.
INFO:     Uvicorn running on http://127.0.0.1:8000 (Press CTRL+C to quit)
INFO:     127.0.0.1:50063 - "GET /health HTTP/1.1" 200 OK
INFO:     127.0.0.1:50064 - "POST /api/v1/chat HTTP/1.1" 200 OK
Propagated attribute 'metadata.process_start_ts' value is not a string. Dropping value.
Context error: No active span in current context. Operations that depend on an active span will be skipped. Ensure spans are created with start_as_current_observation() or that you're operating within an active span context.
INFO:     127.0.0.1:50084 - "POST /api/v1/chat HTTP/1.1" 200 OK
Propagated attribute 'metadata.process_start_ts' value is not a string. Dropping value.
Context error: No active span in current context. Operations that depend on an active span will be skipped. Ensure spans are created with start_as_current_observation() or that you're operating within an active span context.
INFO:     127.0.0.1:50091 - "POST /api/v1/chat HTTP/1.1" 200 OK
Propagated attribute 'metadata.process_start_ts' value is not a string. Dropping value.
Context error: No active span in current context. Operations that depend on an active span will be skipped. Ensure spans are created with start_as_current_observation() or that you're operating within an active span context.
Context error: No active span in current context. Operations that depend on an active span will be skipped. Ensure spans are created with start_as_current_observation() or that you're operating within an active span context.
Context error: No active span in current context. Operations that depend on an active span will be skipped. Ensure spans are created with start_as_current_observation() or that you're operating within an active span context.
Context error: No active span in current context. Operations that depend on an active span will be skipped. Ensure spans are created with start_as_current_observation() or that you're operating within an active span context.
INFO:     127.0.0.1:50118 - "POST /api/v1/chat HTTP/1.1" 200 OK
Propagated attribute 'metadata.process_start_ts' value is not a string. Dropping value.
Context error: No active span in current context. Operations that depend on an active span will be skipped. Ensure spans are created with start_as_current_observation() or that you're operating within an active span context.
Context error: No active span in current context. Operations that depend on an active span will be skipped. Ensure spans are created with start_as_current_observation() or that you're operating within an active span context.
Context error: No active span in current context. Operations that depend on an active span will be skipped. Ensure spans are created with start_as_current_observation() or that you're operating within an active span context.
Context error: No active span in current context. Operations that depend on an active span will be skipped. Ensure spans are created with start_as_current_observation() or that you're operating within an active span context.
Context error: No active span in current context. Operations that depend on an active span will be skipped. Ensure spans are created with start_as_current_observation() or that you're operating within an active span context.
Context error: No active span in current context. Operations that depend on an active span will be skipped. Ensure spans are created with start_as_current_observation() or that you're operating within an active span context.
Context error: No active span in current context. Operations that depend on an active span will be skipped. Ensure spans are created with start_as_current_observation() or that you're operating within an active span context.
Context error: No active span in current context. Operations that depend on an active span will be skipped. Ensure spans are created with start_as_current_observation() or that you're operating within an active span context.
INFO:     127.0.0.1:50149 - "POST /api/v1/chat HTTP/1.1" 200 OK
Propagated attribute 'metadata.process_start_ts' value is not a string. Dropping value.
Context error: No active span in current context. Operations that depend on an active span will be skipped. Ensure spans are created with start_as_current_observation() or that you're operating within an active span context.
Context error: No active span in current context. Operations that depend on an active span will be skipped. Ensure spans are created with start_as_current_observation() or that you're operating within an active span context.
INFO:     127.0.0.1:50162 - "POST /api/v1/chat HTTP/1.1" 200 OK
INFO:     127.0.0.1:50163 - "POST /api/v1/chat HTTP/1.1" 200 OK
Propagated attribute 'metadata.process_start_ts' value is not a string. Dropping value.
Propagated attribute 'metadata.process_start_ts' value is not a string. Dropping value.
Context error: No active span in current context. Operations that depend on an active span will be skipped. Ensure spans are created with start_as_current_observation() or that you're operating within an active span context.
Context error: No active span in current context. Operations that depend on an active span will be skipped. Ensure spans are created with start_as_current_observation() or that you're operating within an active span context.
Context error: No active span in current context. Operations that depend on an active span will be skipped. Ensure spans are created with start_as_current_observation() or that you're operating within an active span context.
Context error: No active span in current context. Operations that depend on an active span will be skipped. Ensure spans are created with start_as_current_observation() or that you're operating within an active span context.
Context error: No active span in current context. Operations that depend on an active span will be skipped. Ensure spans are created with start_as_current_observation() or that you're operating within an active span context.
Context error: No active span in current context. Operations that depend on an active span will be skipped. Ensure spans are created with start_as_current_observation() or that you're operating within an active span context.
Context error: No active span in current context. Operations that depend on an active span will be skipped. Ensure spans are created with start_as_current_observation() or that you're operating within an active span context.
Context error: No active span in current context. Operations that depend on an active span will be skipped. Ensure spans are created with start_as_current_observation() or that you're operating within an active span context.
Context error: No active span in current context. Operations that depend on an active span will be skipped. Ensure spans are created with start_as_current_observation() or that you're operating within an active span context.
Context error: No active span in current context. Operations that depend on an active span will be skipped. Ensure spans are created with start_as_current_observation() or that you're operating within an active span context.
Propagated attribute 'metadata.process_start_ts' value is not a string. Dropping value.
Context error: No active span in current context. Operations that depend on an active span will be skipped. Ensure spans are created with start_as_current_observation() or that you're operating within an active span context.
INFO:     127.0.0.1:51204 - "POST /api/v1/chat/invoke HTTP/1.1" 200 OK
INFO:     Shutting down
INFO:     Waiting for application shutdown.
INFO:     Application shutdown complete.
INFO:     Finished server process [26503]
